\BOOKMARK [1][-]{section.1}{\376\377\000I\000n\000t\000r\000o\000d\000u\000c\000t\000i\000o\000n}{}% 1
\BOOKMARK [1][-]{section.2}{\376\377\000D\000e\000f\000i\000n\000i\000t\000i\000o\000n\000s\000,\000\040\000B\000o\000u\000n\000d\000a\000r\000i\000e\000s\000,\000\040\000a\000n\000d\000\040\000A\000c\000c\000o\000u\000n\000t\000i\000n\000g}{}% 2
\BOOKMARK [2][-]{subsection.2.1}{\376\377\000S\000y\000s\000t\000e\000m\000\040\000a\000n\000d\000\040\000C\000o\000n\000t\000r\000o\000l\000\040\000T\000e\000r\000m\000s}{section.2}% 3
\BOOKMARK [2][-]{subsection.2.2}{\376\377\000N\000e\000t\000-\000Z\000e\000r\000o\000\040\000a\000n\000d\000\040\000G\000H\000G\000\040\000T\000e\000r\000m\000s}{section.2}% 4
\BOOKMARK [2][-]{subsection.2.3}{\376\377\000E\000n\000e\000r\000g\000y\000,\000\040\000W\000a\000t\000e\000r\000,\000\040\000a\000n\000d\000\040\000W\000a\000s\000t\000e\000\040\000M\000e\000t\000r\000i\000c\000s}{section.2}% 5
\BOOKMARK [2][-]{subsection.2.4}{\376\377\000B\000a\000s\000e\000l\000i\000n\000e\000s\000\040\000a\000n\000d\000\040\000M\000\046\000V}{section.2}% 6
\BOOKMARK [2][-]{subsection.2.5}{\376\377\000A\000I\000\040\000a\000n\000d\000\040\000S\000y\000s\000t\000e\000m\000\040\000M\000e\000t\000r\000i\000c\000s}{section.2}% 7
\BOOKMARK [1][-]{section.3}{\376\377\000S\000t\000a\000t\000e\000\040\000o\000f\000\040\000t\000h\000e\000\040\000A\000r\000t}{}% 8
\BOOKMARK [2][-]{subsection.3.1}{\376\377\000S\000e\000m\000a\000n\000t\000i\000c\000\040\000a\000n\000d\000\040\000M\000u\000l\000t\000i\000m\000o\000d\000a\000l\000\040\000B\000u\000i\000l\000d\000i\000n\000g\000\040\000D\000a\000t\000a}{section.3}% 9
\BOOKMARK [2][-]{subsection.3.2}{\376\377\000F\000o\000r\000e\000c\000a\000s\000t\000i\000n\000g}{section.3}% 10
\BOOKMARK [2][-]{subsection.3.3}{\376\377\000F\000a\000u\000l\000t\000\040\000D\000e\000t\000e\000c\000t\000i\000o\000n\000\040\000a\000n\000d\000\040\000D\000i\000a\000g\000n\000o\000s\000t\000i\000c\000s}{section.3}% 11
\BOOKMARK [2][-]{subsection.3.4}{\376\377\000C\000o\000n\000t\000r\000o\000l\000,\000\040\000D\000i\000g\000i\000t\000a\000l\000\040\000T\000w\000i\000n\000s\000,\000\040\000a\000n\000d\000\040\000R\000L}{section.3}% 12
\BOOKMARK [2][-]{subsection.3.5}{\376\377\000U\000n\000c\000e\000r\000t\000a\000i\000n\000t\000y\000,\000\040\000D\000r\000i\000f\000t\000,\000\040\000a\000n\000d\000\040\000F\000e\000d\000e\000r\000a\000t\000e\000d\000\040\000L\000e\000a\000r\000n\000i\000n\000g}{section.3}% 13
\BOOKMARK [2][-]{subsection.3.6}{\376\377\000O\000n\000-\000D\000e\000v\000i\000c\000e\000\040\000A\000I}{section.3}% 14
\BOOKMARK [2][-]{subsection.3.7}{\376\377\000C\000a\000r\000b\000o\000n\000-\000A\000w\000a\000r\000e\000\040\000O\000p\000e\000r\000a\000t\000i\000o\000n}{section.3}% 15
\BOOKMARK [1][-]{section.4}{\376\377\000R\000e\000s\000e\000a\000r\000c\000h\000\040\000G\000a\000p\000\040\000a\000n\000d\000\040\000P\000o\000s\000i\000t\000i\000o\000n\000i\000n\000g}{}% 16
\BOOKMARK [1][-]{section.5}{\376\377\000R\000e\000s\000e\000a\000r\000c\000h\000\040\000Q\000u\000e\000s\000t\000i\000o\000n\000s\000\040\000a\000n\000d\000\040\000H\000y\000p\000o\000t\000h\000e\000s\000e\000s}{}% 17
\BOOKMARK [1][-]{section.6}{\376\377\000U\000s\000e\000\040\000C\000a\000s\000e\000\040\000a\000n\000d\000\040\000R\000e\000q\000u\000i\000r\000e\000m\000e\000n\000t\000s}{}% 18
\BOOKMARK [2][-]{subsection.6.1}{\376\377\000P\000i\000l\000o\000t\000\040\000B\000o\000u\000n\000d\000a\000r\000y}{section.6}% 19
\BOOKMARK [2][-]{subsection.6.2}{\376\377\000S\000t\000a\000k\000e\000h\000o\000l\000d\000e\000r\000s\000\040\000a\000n\000d\000\040\000A\000u\000t\000h\000o\000r\000i\000t\000y}{section.6}% 20
\BOOKMARK [2][-]{subsection.6.3}{\376\377\000F\000u\000n\000c\000t\000i\000o\000n\000a\000l\000\040\000R\000e\000q\000u\000i\000r\000e\000m\000e\000n\000t\000s}{section.6}% 21
\BOOKMARK [2][-]{subsection.6.4}{\376\377\000N\000o\000n\000-\000F\000u\000n\000c\000t\000i\000o\000n\000a\000l\000\040\000R\000e\000q\000u\000i\000r\000e\000m\000e\000n\000t\000s}{section.6}% 22
\BOOKMARK [2][-]{subsection.6.5}{\376\377\000D\000a\000t\000a\000\040\000I\000n\000v\000e\000n\000t\000o\000r\000y}{section.6}% 23
\BOOKMARK [1][-]{section.7}{\376\377\000P\000r\000o\000p\000o\000s\000e\000d\000\040\000A\000r\000c\000h\000i\000t\000e\000c\000t\000u\000r\000e}{}% 24
\BOOKMARK [2][-]{subsection.7.1}{\376\377\000L\000a\000y\000e\000r\000e\000d\000\040\000D\000e\000s\000i\000g\000n}{section.7}% 25
\BOOKMARK [2][-]{subsection.7.2}{\376\377\000O\000p\000e\000r\000a\000t\000i\000n\000g\000-\000S\000t\000a\000t\000e\000\040\000M\000a\000c\000h\000i\000n\000e}{section.7}% 26
\BOOKMARK [2][-]{subsection.7.3}{\376\377\000T\000r\000u\000s\000t\000\040\000B\000o\000u\000n\000d\000a\000r\000i\000e\000s}{section.7}% 27
\BOOKMARK [2][-]{subsection.7.4}{\376\377\000E\000d\000g\000e\000\040\000C\000o\000n\000t\000r\000o\000l\000\040\000C\000y\000c\000l\000e}{section.7}% 28
\BOOKMARK [1][-]{section.8}{\376\377\000I\000m\000p\000l\000e\000m\000e\000n\000t\000a\000t\000i\000o\000n\000\040\000S\000p\000e\000c\000i\000f\000i\000c\000a\000t\000i\000o\000n}{}% 29
\BOOKMARK [2][-]{subsection.8.1}{\376\377\000T\000e\000l\000e\000m\000e\000t\000r\000y\000\040\000C\000o\000n\000t\000r\000a\000c\000t}{section.8}% 30
\BOOKMARK [2][-]{subsection.8.2}{\376\377\000F\000o\000r\000e\000c\000a\000s\000t\000\040\000a\000n\000d\000\040\000D\000e\000c\000i\000s\000i\000o\000n\000\040\000C\000o\000n\000t\000r\000a\000c\000t\000s}{section.8}% 31
\BOOKMARK [2][-]{subsection.8.3}{\376\377\000S\000t\000o\000r\000a\000g\000e\000\040\000a\000n\000d\000\040\000R\000e\000t\000e\000n\000t\000i\000o\000n}{section.8}% 32
\BOOKMARK [2][-]{subsection.8.4}{\376\377\000C\000o\000n\000t\000r\000o\000l\000\040\000T\000r\000a\000n\000s\000a\000c\000t\000i\000o\000n}{section.8}% 33
\BOOKMARK [2][-]{subsection.8.5}{\376\377\000C\000o\000m\000p\000o\000n\000e\000n\000t\000\040\000V\000e\000r\000i\000f\000i\000c\000a\000t\000i\000o\000n\000\040\000M\000a\000t\000r\000i\000x}{section.8}% 34
\BOOKMARK [2][-]{subsection.8.6}{\376\377\000O\000b\000s\000e\000r\000v\000a\000b\000i\000l\000i\000t\000y\000\040\000a\000n\000d\000\040\000O\000p\000e\000r\000a\000t\000i\000o\000n\000s}{section.8}% 35
\BOOKMARK [1][-]{section.9}{\376\377\000M\000o\000d\000e\000l\000s\000\040\000a\000n\000d\000\040\000O\000p\000t\000i\000m\000i\000z\000a\000t\000i\000o\000n\000\040\000M\000e\000t\000h\000o\000d\000o\000l\000o\000g\000y}{}% 36
\BOOKMARK [2][-]{subsection.9.1}{\376\377\000D\000a\000t\000a\000\040\000P\000r\000e\000p\000a\000r\000a\000t\000i\000o\000n\000\040\000a\000n\000d\000\040\000L\000e\000a\000k\000a\000g\000e\000\040\000P\000r\000e\000v\000e\000n\000t\000i\000o\000n}{section.9}% 37
\BOOKMARK [2][-]{subsection.9.2}{\376\377\000F\000o\000r\000e\000c\000a\000s\000t\000i\000n\000g\000\040\000C\000a\000n\000d\000i\000d\000a\000t\000e\000s}{section.9}% 38
\BOOKMARK [2][-]{subsection.9.3}{\376\377\000M\000u\000l\000t\000i\000m\000o\000d\000a\000l\000\040\000F\000u\000s\000i\000o\000n}{section.9}% 39
\BOOKMARK [2][-]{subsection.9.4}{\376\377\000A\000n\000o\000m\000a\000l\000y\000\040\000a\000n\000d\000\040\000F\000a\000u\000l\000t\000\040\000D\000e\000t\000e\000c\000t\000i\000o\000n}{section.9}% 40
\BOOKMARK [2][-]{subsection.9.5}{\376\377\000T\000h\000e\000r\000m\000a\000l\000\040\000a\000n\000d\000\040\000R\000e\000s\000o\000u\000r\000c\000e\000\040\000M\000o\000d\000e\000l\000s}{section.9}% 41
\BOOKMARK [2][-]{subsection.9.6}{\376\377\000C\000a\000r\000b\000o\000n\000-\000A\000w\000a\000r\000e\000\040\000M\000P\000C}{section.9}% 42
\BOOKMARK [2][-]{subsection.9.7}{\376\377\000U\000n\000c\000e\000r\000t\000a\000i\000n\000t\000y\000\040\000a\000n\000d\000\040\000A\000b\000s\000t\000e\000n\000t\000i\000o\000n}{section.9}% 43
\BOOKMARK [2][-]{subsection.9.8}{\376\377\000D\000r\000i\000f\000t\000\040\000a\000n\000d\000\040\000U\000p\000d\000a\000t\000i\000n\000g}{section.9}% 44
\BOOKMARK [2][-]{subsection.9.9}{\376\377\000O\000p\000t\000i\000o\000n\000a\000l\000\040\000F\000e\000d\000e\000r\000a\000t\000e\000d\000\040\000E\000x\000t\000e\000n\000s\000i\000o\000n}{section.9}% 45
\BOOKMARK [1][-]{section.10}{\376\377\000Q\000u\000a\000l\000c\000o\000m\000m\000\040\000Q\000I\000D\000K\000\040\000I\000m\000p\000l\000e\000m\000e\000n\000t\000a\000t\000i\000o\000n}{}% 46
\BOOKMARK [2][-]{subsection.10.1}{\376\377\000H\000a\000r\000d\000w\000a\000r\000e\000\040\000Q\000u\000a\000l\000i\000f\000i\000c\000a\000t\000i\000o\000n}{section.10}% 47
\BOOKMARK [2][-]{subsection.10.2}{\376\377\000S\000o\000f\000t\000w\000a\000r\000e\000\040\000C\000o\000m\000p\000o\000n\000e\000n\000t\000s}{section.10}% 48
\BOOKMARK [2][-]{subsection.10.3}{\376\377\000M\000o\000d\000e\000l\000\040\000T\000o\000o\000l\000c\000h\000a\000i\000n}{section.10}% 49
\BOOKMARK [2][-]{subsection.10.4}{\376\377\000B\000a\000c\000k\000e\000n\000d\000\040\000a\000n\000d\000\040\000P\000o\000w\000e\000r\000\040\000B\000e\000n\000c\000h\000m\000a\000r\000k}{section.10}% 50
\BOOKMARK [2][-]{subsection.10.5}{\376\377\000R\000e\000s\000i\000l\000i\000e\000n\000c\000e}{section.10}% 51
\BOOKMARK [1][-]{section.11}{\376\377\000E\000x\000p\000e\000r\000i\000m\000e\000n\000t\000a\000l\000\040\000D\000e\000s\000i\000g\000n}{}% 52
\BOOKMARK [2][-]{subsection.11.1}{\376\377\000S\000t\000a\000g\000e\000s\000\040\000a\000n\000d\000\040\000E\000x\000p\000e\000r\000i\000m\000e\000n\000t\000a\000l\000\040\000U\000n\000i\000t\000s}{section.11}% 53
\BOOKMARK [2][-]{subsection.11.2}{\376\377\000C\000o\000m\000p\000a\000r\000i\000s\000o\000n\000\040\000A\000r\000m\000s}{section.11}% 54
\BOOKMARK [2][-]{subsection.11.3}{\376\377\000O\000u\000t\000c\000o\000m\000e\000s}{section.11}% 55
\BOOKMARK [2][-]{subsection.11.4}{\376\377\000A\000b\000l\000a\000t\000i\000o\000n\000s}{section.11}% 56
\BOOKMARK [2][-]{subsection.11.5}{\376\377\000S\000t\000a\000t\000i\000s\000t\000i\000c\000a\000l\000\040\000A\000n\000a\000l\000y\000s\000i\000s}{section.11}% 57
\BOOKMARK [1][-]{section.12}{\376\377\000M\000e\000a\000s\000u\000r\000e\000m\000e\000n\000t\000,\000\040\000V\000e\000r\000i\000f\000i\000c\000a\000t\000i\000o\000n\000,\000\040\000a\000n\000d\000\040\000N\000e\000t\000-\000Z\000e\000r\000o\000\040\000L\000e\000d\000g\000e\000r}{}% 58
\BOOKMARK [2][-]{subsection.12.1}{\376\377\000M\000\046\000V\000\040\000P\000l\000a\000n}{section.12}% 59
\BOOKMARK [2][-]{subsection.12.2}{\376\377\000A\000d\000j\000u\000s\000t\000e\000d\000\040\000B\000a\000s\000e\000l\000i\000n\000e}{section.12}% 60
\BOOKMARK [2][-]{subsection.12.3}{\376\377\000F\000o\000u\000r\000\040\000S\000e\000p\000a\000r\000a\000t\000e\000\040\000L\000e\000d\000g\000e\000r\000s}{section.12}% 61
\BOOKMARK [2][-]{subsection.12.4}{\376\377\000W\000a\000t\000e\000r\000\040\000a\000n\000d\000\040\000W\000a\000s\000t\000e\000\040\000V\000e\000r\000i\000f\000i\000c\000a\000t\000i\000o\000n}{section.12}% 62
\BOOKMARK [2][-]{subsection.12.5}{\376\377\000F\000a\000c\000t\000o\000r\000\040\000G\000o\000v\000e\000r\000n\000a\000n\000c\000e}{section.12}% 63
\BOOKMARK [1][-]{section.13}{\376\377\000S\000a\000f\000e\000t\000y\000,\000\040\000P\000r\000i\000v\000a\000c\000y\000,\000\040\000S\000e\000c\000u\000r\000i\000t\000y\000,\000\040\000a\000n\000d\000\040\000G\000o\000v\000e\000r\000n\000a\000n\000c\000e}{}% 64
\BOOKMARK [2][-]{subsection.13.1}{\376\377\000S\000a\000f\000e\000t\000y\000\040\000C\000a\000s\000e}{section.13}% 65
\BOOKMARK [2][-]{subsection.13.2}{\376\377\000P\000r\000i\000v\000a\000c\000y}{section.13}% 66
\BOOKMARK [2][-]{subsection.13.3}{\376\377\000C\000y\000b\000e\000r\000s\000e\000c\000u\000r\000i\000t\000y}{section.13}% 67
\BOOKMARK [2][-]{subsection.13.4}{\376\377\000A\000I\000\040\000G\000o\000v\000e\000r\000n\000a\000n\000c\000e}{section.13}% 68
\BOOKMARK [1][-]{section.14}{\376\377\000W\000o\000r\000k\000\040\000P\000a\000c\000k\000a\000g\000e\000s\000\040\000a\000n\000d\000\040\000T\000i\000m\000e\000l\000i\000n\000e}{}% 69
\BOOKMARK [2][-]{subsection.14.1}{\376\377\000R\000e\000s\000o\000u\000r\000c\000e\000\040\000P\000l\000a\000n}{section.14}% 70
\BOOKMARK [1][-]{section.15}{\376\377\000R\000i\000s\000k\000s\000,\000\040\000L\000i\000m\000i\000t\000a\000t\000i\000o\000n\000s\000,\000\040\000a\000n\000d\000\040\000E\000x\000p\000e\000c\000t\000e\000d\000\040\000I\000m\000p\000a\000c\000t}{}% 71
\BOOKMARK [1][-]{section.16}{\376\377\000C\000o\000n\000c\000l\000u\000s\000i\000o\000n}{}% 72
\BOOKMARK [1][-]{section*.2}{\376\377\000A\000p\000p\000e\000n\000d\000i\000x\000\040\000A\000:\000\040\000N\000o\000t\000a\000t\000i\000o\000n\000\040\000a\000n\000d\000\040\000M\000e\000t\000r\000i\000c\000\040\000R\000e\000f\000e\000r\000e\000n\000c\000e}{}% 73
\BOOKMARK [2][-]{subsection.Appendix.A.1}{\376\377\000D\000e\000c\000i\000s\000i\000o\000n\000\040\000T\000h\000r\000e\000s\000h\000o\000l\000d\000\040\000R\000e\000g\000i\000s\000t\000e\000r}{section*.2}% 74
\BOOKMARK [2][-]{subsection.Appendix.A.2}{\376\377\000R\000e\000q\000u\000i\000r\000e\000d\000\040\000R\000e\000p\000o\000r\000t\000i\000n\000g\000\040\000U\000n\000i\000t\000s}{section*.2}% 75
\BOOKMARK [1][-]{section*.3}{\376\377\000A\000p\000p\000e\000n\000d\000i\000x\000\040\000B\000:\000\040\000R\000e\000p\000r\000o\000d\000u\000c\000i\000b\000i\000l\000i\000t\000y\000\040\000P\000r\000o\000t\000o\000c\000o\000l}{}% 76
\BOOKMARK [2][-]{subsection.Appendix.B.1}{\376\377\000H\000a\000r\000d\000w\000a\000r\000e\000\040\000M\000a\000n\000i\000f\000e\000s\000t}{section*.3}% 77
\BOOKMARK [2][-]{subsection.Appendix.B.2}{\376\377\000S\000o\000f\000t\000w\000a\000r\000e\000\040\000M\000a\000n\000i\000f\000e\000s\000t}{section*.3}% 78
\BOOKMARK [2][-]{subsection.Appendix.B.3}{\376\377\000D\000a\000t\000a\000\040\000M\000a\000n\000i\000f\000e\000s\000t}{section*.3}% 79
\BOOKMARK [2][-]{subsection.Appendix.B.4}{\376\377\000E\000x\000p\000e\000r\000i\000m\000e\000n\000t\000\040\000M\000a\000n\000i\000f\000e\000s\000t}{section*.3}% 80
\BOOKMARK [2][-]{subsection.Appendix.B.5}{\376\377\000F\000i\000n\000a\000l\000\040\000A\000u\000d\000i\000t\000\040\000C\000h\000e\000c\000k\000l\000i\000s\000t}{section*.3}% 81
